../Core/Src/command.c:17:6:prompt	8	static
../Core/Src/command.c:39:28:help_command	16	static
../Core/Src/command.c:47:28:lof_command	16	static
../Core/Src/command.c:52:28:lon_command	16	static
../Core/Src/command.c:57:28:test_command	24	static
../Core/Src/command.c:70:28:ts_command	40	static
../Core/Src/command.c:96:28:ds_command	40	static
../Core/Src/command.c:124:5:get_commands	24	static
../Core/Src/command.c:169:5:parse_command	32	static
../Core/Src/command.c:191:5:execute_command	32	static
